CLI: "Some errors will be raised due to "@required" attributes"
Value count: 1
Values: "Some errors will be raised due to "@required" attributes"
Error count: 3
Subcommand: 
rargumentA=
groupS=
argumentC=
groupT=
switchB=False
argumentE=
switchI=False
rargumentF=
multiargC=
groupU=
groupV=
argumentF=
multiargG=
switchH=False
argumentNumber=
argumentNumberPositive=
groupQ=
switchA=False
argumentB=
