-- ns-xml database schema to SQL translation
CREATE DATABASE IF NOT EXISTS `Types`;
CREATE TABLE `Types`.`Types`
(
`base` TEXT,
`binary` BYTEA DEFAULT YWJj,
`boolean` BOOLEAN DEFAULT true,
`int` INTEGER,
-- A large int with size spec.
`large_int` INTEGER DEFAULT 123456789012,
-- A quite small int with size spec.
`small_int` INTEGER,
`float` REAL DEFAULT 1.23,
`timestamp` datetime DEFAULT '2010-11-12T13:14:15+01:00',
`timestamp_tz` datetime DEFAULT '2010-11-12T13:14:15+01:00',
CONSTRAINT `pk_types` PRIMARY KEY ("int")
);
