CLI: "-c", "An option in an exclusive group", "-h", "and another from...", "a nested exclusive group"
Value count: 0
Values: 
Error count: 0
Subcommand: 
groupJ=
switchA=False
argumentB=
groupK=multiargC
multiargC=An option in an exclusive group
argumentD=
groupL=groupN
groupM=
switchE=False
argumentF=
groupN=multiArgumentH
argumentG=
multiArgumentH=and another from... a nested exclusive group
groupO=argumentFdefault
argumentFdefault=Default value
argumentP=
