CLI: "-g", "mno", "The following option", "-h", "breaks", "group N mutex"
Value count: 1
Values: "The following option"
Error count: 1
Subcommand: 
groupJ=
switchA=False
argumentB=
groupK=
multiargC=
argumentD=
groupL=groupN
groupM=
switchE=False
argumentF=
groupN=argumentG
argumentG=mno
multiArgumentH=
groupO=argumentFdefault
argumentFdefault=Default value
argumentP=
