CLI: "-d", "--", "The", "the", "switch", "manually"
Value count: 4
Values: "The", "the", "switch", "manually"
Error count: 0
Subcommand: 
mainGroup=
exclusiveSubGroup=
xGroupSwitchA=False
xGroupArgumentB=
requiredGroup=
rGroupMultiArgC=
rGroupSwitchD=True
exclusiveRequiredGroup=xrGroupSwitchE
xrGroupSwitchE=True
xrArgumentF=
