CLI: "-c", "abc", "def", "ghi", "--invalid-switch", "sub", "This should succeed (even invalid switch will break the multiarg value parsing)"
Value count: 1
Values: "This should succeed (even invalid switch will break the multiarg value parsing)"
Error count: 1
Subcommand: sub
switchA=False
argumentB=
multiargC=abc def ghi
sub_argumentD=
sub_switchE=False
