CLI: "-c", "An exclusive group will NOT", "accept the presence of more than one sub option"
Value count: 0
Values: 
Error count: 0
Subcommand: 
groupJ=
switchA=False
argumentB=
groupK=multiargC
multiargC=An exclusive group will NOT accept the presence of more than one sub option
argumentD=
groupL=
groupM=
switchE=False
argumentF=
groupN=
argumentG=
multiArgumentH=
