CLI: "-c", "An option in an exclusive group", "-fAnother option from another group", "-h", "and another from...", "an nested exclusive group"
Value count: 1
Values: "an nested exclusive group"
Error count: 1
Subcommand: 
groupJ=
switchA=False
argumentB=
groupK=multiargC
multiargC=An option in an exclusive group
argumentD=
groupL=groupM
groupM=
switchE=False
argumentF=Another option from another group
groupN=
argumentG=
multiArgumentH=
