CLI: "msg", "Testing number range validation (min)", "--negative", "-0.3"
Value count: 1
Values: "Testing number range validation (min)"
Error count: 0
Subcommand: msg
argumentNumber=
argumentNumberPositive=
argumentNumberNegative=-0.3
argumentNumberRange=
argumentNumberNegativeRange=
argumentSelect=
argumentNumberSelect=
fileEndsWith=
