CLI: "msg", "Testing number validation", "--negative", "-1280"
Value count: 1
Values: "Testing number validation"
Error count: 1
Subcommand: msg
argumentNumber=
argumentNumberPositive=
argumentNumberNegative=
argumentNumberRange=
argumentNumberNegativeRange=
argumentSelect=
argumentNumberSelect=
fileEndsWith=
