CLI: "msg", "Testing enum validation", "--enum", "Second value"
Value count: 1
Values: "Testing enum validation"
Error count: 0
Subcommand: msg
argumentNumber=
argumentNumberPositive=
argumentNumberNegative=
argumentNumberRange=
argumentNumberNegativeRange=
argumentSelect=Second value
argumentNumberSelect=
fileEndsWith=
