CLI: "msg", "Testing number validation", "--negative", "-0.4"
Value count: 1
Values: "Testing number validation"
Error count: 0
Subcommand: msg
argumentNumber=
argumentNumberPositive=
argumentNumberNegative=-0.4
argumentNumberRange=
argumentNumberNegativeRange=
argumentSelect=
argumentNumberSelect=
fileEndsWith=
