CLI: "values", "--switch-a", "6", "Second subcommand positional argument", "--argument-b", "And its value", "This should be ok"
Value count: 3
Values: "6", "Second subcommand positional argument", "This should be ok"
Error count: 0
Subcommand: values
switchA=True
argumentB=And its value
switchB=False
